ARM Linker, 5.03 [Build 24] [MDK-ARM Lite]

==============================================================================

Section Cross References

    startup_lpc17xx.o(STACK) refers (Special) to heapauxi.o(.text) for __use_two_region_memory
    startup_lpc17xx.o(HEAP) refers (Special) to heapauxi.o(.text) for __use_two_region_memory
    startup_lpc17xx.o(RESET) refers (Special) to heapauxi.o(.text) for __use_two_region_memory
    startup_lpc17xx.o(RESET) refers to startup_lpc17xx.o(STACK) for __initial_sp
    startup_lpc17xx.o(RESET) refers to startup_lpc17xx.o(.text) for Reset_Handler
    startup_lpc17xx.o(RESET) refers to systen_delay.o(.text) for SysTick_Handler
    startup_lpc17xx.o(RESET) refers to timer0.o(.text) for TIMER0_IRQHandler
    startup_lpc17xx.o(RESET) refers to reception.o(.text) for TIMER2_IRQHandler
    startup_lpc17xx.o(RESET) refers to ultrason.o(.text) for EINT3_IRQHandler
    startup_lpc17xx.o(.ARM.__at_0x02FC) refers (Special) to heapauxi.o(.text) for __use_two_region_memory
    startup_lpc17xx.o(.text) refers (Special) to heapauxi.o(.text) for __use_two_region_memory
    startup_lpc17xx.o(.text) refers to system_lpc17xx.o(.text) for SystemInit
    startup_lpc17xx.o(.text) refers to __main.o(!!!main) for __main
    startup_lpc17xx.o(.text) refers to startup_lpc17xx.o(HEAP) for Heap_Mem
    startup_lpc17xx.o(.text) refers to startup_lpc17xx.o(STACK) for Stack_Mem
    system_lpc17xx.o(.text) refers to system_lpc17xx.o(.data) for SystemCoreClock
    lpc17xx_clkpwr.o(.text) refers to system_lpc17xx.o(.data) for SystemCoreClock
    lpc17xx_timer.o(.text) refers to lpc17xx_clkpwr.o(.text) for CLKPWR_GetPCLK
    lpc17xx_timer.o(.text) refers to lludivv7m.o(.text) for __aeabi_uldivmod
    lpc17xx_timer.o(.text) refers to main.o(.text) for check_failed
    lpc17xx_uart.o(.text) refers to lpc17xx_clkpwr.o(.text) for CLKPWR_GetPCLK
    lpc17xx_uart.o(.text) refers to lludivv7m.o(.text) for __aeabi_uldivmod
    lpc17xx_uart.o(.text) refers to main.o(.text) for check_failed
    lpc17xx_adc.o(.text) refers to main.o(.text) for check_failed
    lpc17xx_adc.o(.text) refers to lpc17xx_clkpwr.o(.text) for CLKPWR_ConfigPPWR
    lpc17xx_pwm.o(.text) refers to main.o(.text) for check_failed
    lpc17xx_pwm.o(.text) refers to lpc17xx_clkpwr.o(.text) for CLKPWR_ConfigPPWR
    lpc17xx_pwm.o(.text) refers to lludivv7m.o(.text) for __aeabi_uldivmod
    lpc17xx_i2c.o(.text) refers to main.o(.text) for check_failed
    lpc17xx_i2c.o(.text) refers to lpc17xx_clkpwr.o(.text) for CLKPWR_GetPCLK
    lpc17xx_i2c.o(.text) refers to lpc17xx_i2c.o(.bss) for i2cdat
    lpc17xx_i2c.o(.text) refers to lpc17xx_i2c.o(.data) for I2C_MonitorBufferIndex
    lpc17xx_spi.o(.text) refers to main.o(.text) for check_failed
    lpc17xx_spi.o(.text) refers to lpc17xx_clkpwr.o(.text) for CLKPWR_GetPCLK
    lpc17xx_ssp.o(.text) refers to main.o(.text) for check_failed
    lpc17xx_ssp.o(.text) refers to lpc17xx_clkpwr.o(.text) for CLKPWR_GetPCLK
    systen_delay.o(.text) refers to systen_delay.o(.data) for SysTickCnt
    systen_delay.o(.text) refers to system_lpc17xx.o(.data) for SystemCoreClock
    pinconf.o(.text) refers to lpc17xx_pinsel.o(.text) for PINSEL_ConfigPin
    pinconf.o(.text) refers to lpc17xx_gpio.o(.text) for GPIO_SetDir
    timer0.o(.text) refers to lpc17xx_timer.o(.text) for TIM_Init
    timer0.o(.text) refers to main.o(.data) for globalTime0
    bip.o(.text) refers to lpc17xx_gpio.o(.text) for GPIO_SetValue
    bip.o(.text) refers to main.o(.data) for flagPer
    main.o(.text) refers to pinconf.o(.text) for pin_Configuration
    main.o(.text) refers to timer0.o(.text) for T0_Init
    main.o(.text) refers to timer2.o(.text) for T2_Init
    main.o(.text) refers to timer3.o(.text) for T3_Init
    main.o(.text) refers to ecran.o(.text) for initialisation_ecran
    main.o(.text) refers to ultrason.o(.text) for start_compteur
    main.o(.text) refers to touch_panel.o(.text) for touch_down
    main.o(.text) refers to lpc17xx_gpio.o(.text) for GPIO_ClearValue
    main.o(.text) refers to emission.o(.text) for emission
    main.o(.text) refers to bip.o(.text) for bip
    main.o(.text) refers to main.o(.data) for ecran_appui
    timer3.o(.text) refers to lpc17xx_timer.o(.text) for TIM_Init
    ultrason.o(.text) refers to lpc17xx_gpio.o(.text) for GPIO_SetValue
    ultrason.o(.text) refers to fflt_clz.o(x$fpl$fflt) for __aeabi_i2f
    ultrason.o(.text) refers to fleqf.o(x$fpl$fleqf) for __aeabi_cfcmple
    ultrason.o(.text) refers to ffix.o(x$fpl$ffix) for __aeabi_f2iz
    ultrason.o(.text) refers to main.o(.data) for flag1
    reception.o(.text) refers to lpc17xx_gpio.o(.text) for GPIO_SetValue
    reception.o(.text) refers to lpc17xx_timer.o(.text) for TIM_ClearIntPending
    reception.o(.text) refers to main.o(.data) for tInitial
    reception.o(.text) refers to main.o(.bss) for messageR
[...]
    dc.s                                     0x00000000   Number         0  dc.o ABSOLUTE
    !!!main                                  0x000000cc   Section        8  __main.o(!!!main)
    !!!scatter                               0x000000d4   Section       52  __scatter.o(!!!scatter)
    !!handler_copy                           0x00000108   Section       26  __scatter_copy.o(!!handler_copy)
    !!handler_zi                             0x00000124   Section       28  __scatter_zi.o(!!handler_zi)
    .ARM.Collect$$_printf_percent$$00000000  0x00000140   Section        0  _printf_percent.o(.ARM.Collect$$_printf_percent$$00000000)
    .ARM.Collect$$_printf_percent$$00000001  0x00000140   Section        6  _printf_n.o(.ARM.Collect$$_printf_percent$$00000001)
    .ARM.Collect$$_printf_percent$$00000002  0x00000146   Section        6  _printf_p.o(.ARM.Collect$$_printf_percent$$00000002)
    .ARM.Collect$$_printf_percent$$00000003  0x0000014c   Section        6  _printf_f.o(.ARM.Collect$$_printf_percent$$00000003)
    .ARM.Collect$$_printf_percent$$00000004  0x00000152   Section        6  _printf_e.o(.ARM.Collect$$_printf_percent$$00000004)
    .ARM.Collect$$_printf_percent$$00000005  0x00000158   Section        6  _printf_g.o(.ARM.Collect$$_printf_percent$$00000005)
    .ARM.Collect$$_printf_percent$$00000006  0x0000015e   Section        6  _printf_a.o(.ARM.Collect$$_printf_percent$$00000006)
    .ARM.Collect$$_printf_percent$$00000007  0x00000164   Section       10  _printf_ll.o(.ARM.Collect$$_printf_percent$$00000007)
    .ARM.Collect$$_printf_percent$$00000008  0x0000016e   Section        6  _printf_i.o(.ARM.Collect$$_printf_percent$$00000008)
    .ARM.Collect$$_printf_percent$$00000009  0x00000174   Section        6  _printf_d.o(.ARM.Collect$$_printf_percent$$00000009)
    .ARM.Collect$$_printf_percent$$0000000A  0x0000017a   Section        6  _printf_u.o(.ARM.Collect$$_printf_percent$$0000000A)
    .ARM.Collect$$_printf_percent$$0000000B  0x00000180   Section        6  _printf_o.o(.ARM.Collect$$_printf_percent$$0000000B)
    .ARM.Collect$$_printf_percent$$0000000C  0x00000186   Section        6  _printf_x.o(.ARM.Collect$$_printf_percent$$0000000C)
    .ARM.Collect$$_printf_percent$$0000000D  0x0000018c   Section        6  _printf_lli.o(.ARM.Collect$$_printf_percent$$0000000D)
    .ARM.Collect$$_printf_percent$$0000000E  0x00000192   Section        6  _printf_lld.o(.ARM.Collect$$_printf_percent$$0000000E)
    .ARM.Collect$$_printf_percent$$0000000F  0x00000198   Section        6  _printf_llu.o(.ARM.Collect$$_printf_percent$$0000000F)
    .ARM.Collect$$_printf_percent$$00000010  0x0000019e   Section        6  _printf_llo.o(.ARM.Collect$$_printf_percent$$00000010)
    .ARM.Collect$$_printf_percent$$00000011  0x000001a4   Section        6  _printf_llx.o(.ARM.Collect$$_printf_percent$$00000011)
    .ARM.Collect$$_printf_percent$$00000012  0x000001aa   Section       10  _printf_l.o(.ARM.Collect$$_printf_percent$$00000012)
    .ARM.Collect$$_printf_percent$$00000013  0x000001b4   Section        6  _printf_c.o(.ARM.Collect$$_printf_percent$$00000013)
    .ARM.Collect$$_printf_percent$$00000014  0x000001ba   Section        6  _printf_s.o(.ARM.Collect$$_printf_percent$$00000014)
    .ARM.Collect$$_printf_percent$$00000015  0x000001c0   Section        6  _printf_lc.o(.ARM.Collect$$_printf_percent$$00000015)
    .ARM.Collect$$_printf_percent$$00000016  0x000001c6   Section        6  _printf_ls.o(.ARM.Collect$$_printf_percent$$00000016)
    .ARM.Collect$$_printf_percent$$00000017  0x000001cc   Section        4  _printf_percent_end.o(.ARM.Collect$$_printf_percent$$00000017)
    .ARM.Collect$$libinit$$00000000          0x000001d0   Section        2  libinit.o(.ARM.Collect$$libinit$$00000000)
    .ARM.Collect$$libinit$$00000002          0x000001d2   Section        0  libinit2.o(.ARM.Collect$$libinit$$00000002)
    .ARM.Collect$$libinit$$00000008          0x000001d2   Section        0  libinit2.o(.ARM.Collect$$libinit$$00000008)
    .ARM.Collect$$libinit$$0000000A          0x000001d2   Section        0  libinit2.o(.ARM.Collect$$libinit$$0000000A)
    .ARM.Collect$$libinit$$0000000C          0x000001d2   Section        0  libinit2.o(.ARM.Collect$$libinit$$0000000C)
    .ARM.Collect$$libinit$$0000000D          0x000001d2   Section        6  libinit2.o(.ARM.Collect$$libinit$$0000000D)
    .ARM.Collect$$libinit$$0000000F          0x000001d8   Section        0  libinit2.o(.ARM.Collect$$libinit$$0000000F)
    .ARM.Collect$$libinit$$00000010          0x000001d8   Section       12  libinit2.o(.ARM.Collect$$libinit$$00000010)
    .ARM.Collect$$libinit$$00000011          0x000001e4   Section        0  libinit2.o(.ARM.Collect$$libinit$$00000011)
    .ARM.Collect$$libinit$$00000013          0x000001e4   Section        0  libinit2.o(.ARM.Collect$$libinit$$00000013)
    .ARM.Collect$$libinit$$00000014          0x000001e4   Section       10  libinit2.o(.ARM.Collect$$libinit$$00000014)
    .ARM.Collect$$libinit$$00000015          0x000001ee   Section        0  libinit2.o(.ARM.Collect$$libinit$$00000015)
    .ARM.Collect$$libinit$$00000017          0x000001ee   Section        0  libinit2.o(.ARM.Collect$$libinit$$00000017)
    .ARM.Collect$$libinit$$00000019          0x000001ee   Section        0  libinit2.o(.ARM.Collect$$libinit$$00000019)
    .ARM.Collect$$libinit$$0000001B          0x000001ee   Section        0  libinit2.o(.ARM.Collect$$libinit$$0000001B)
    .ARM.Collect$$libinit$$0000001D          0x000001ee   Section        0  libinit2.o(.ARM.Collect$$libinit$$0000001D)
    .ARM.Collect$$libinit$$0000001F          0x000001ee   Section        0  libinit2.o(.ARM.Collect$$libinit$$0000001F)
    .ARM.Collect$$libinit$$00000021          0x000001ee   Section        0  libinit2.o(.ARM.Collect$$libinit$$00000021)
    .ARM.Collect$$libinit$$00000023          0x000001ee   Section        0  libinit2.o(.ARM.Collect$$libinit$$00000023)
    .ARM.Collect$$libinit$$0000002A          0x000001ee   Section        0  libinit2.o(.ARM.Collect$$libinit$$0000002A)
    .ARM.Collect$$libinit$$0000002C          0x000001ee   Section        0  libinit2.o(.ARM.Collect$$libinit$$0000002C)
    .ARM.Collect$$libinit$$0000002E          0x000001ee   Section        0  libinit2.o(.ARM.Collect$$libinit$$0000002E)
    .ARM.Collect$$libinit$$00000030          0x000001ee   Section        0  libinit2.o(.ARM.Collect$$libinit$$00000030)
    .ARM.Collect$$libinit$$00000031          0x000001ee   Section        2  libinit2.o(.ARM.Collect$$libinit$$00000031)
    .ARM.Collect$$libshutdown$$00000000      0x000001f0   Section        2  libshutdown.o(.ARM.Collect$$libshutdown$$00000000)
    .ARM.Collect$$libshutdown$$00000003      0x000001f2   Section        0  libshutdown2.o(.ARM.Collect$$libshutdown$$00000003)
    .ARM.Collect$$libshutdown$$00000006      0x000001f2   Section        0  libshutdown2.o(.ARM.Collect$$libshutdown$$00000006)
    .ARM.Collect$$libshutdown$$00000009      0x000001f2   Section        0  libshutdown2.o(.ARM.Collect$$libshutdown$$00000009)
    .ARM.Collect$$libshutdown$$0000000B      0x000001f2   Section        0  libshutdown2.o(.ARM.Collect$$libshutdown$$0000000B)
    .ARM.Collect$$libshutdown$$0000000E      0x000001f2   Section        0  libshutdown2.o(.ARM.Collect$$libshutdown$$0000000E)
    .ARM.Collect$$libshutdown$$0000000F      0x000001f2   Section        2  libshutdown2.o(.ARM.Collect$$libshutdown$$0000000F)
    .ARM.Collect$$rtentry$$00000000          0x000001f4   Section        0  rtentry.o(.ARM.Collect$$rtentry$$00000000)
    .ARM.Collect$$rtentry$$00000002          0x000001f4   Section        0  rtentry2.o(.ARM.Collect$$rtentry$$00000002)
    .ARM.Collect$$rtentry$$00000004          0x000001f4   Section        6  rtentry4.o(.ARM.Collect$$rtentry$$00000004)
    .ARM.Collect$$rtentry$$00000009          0x000001fa   Section        0  rtentry2.o(.ARM.Collect$$rtentry$$00000009)
    .ARM.Collect$$rtentry$$0000000A          0x000001fa   Section        4  rtentry2.o(.ARM.Collect$$rtentry$$0000000A)
    .ARM.Collect$$rtentry$$0000000C          0x000001fe   Section        0  rtentry2.o(.ARM.Collect$$rtentry$$0000000C)
    .ARM.Collect$$rtentry$$0000000D          0x000001fe   Section        8  rtentry2.o(.ARM.Collect$$rtentry$$0000000D)
    .ARM.Collect$$rtexit$$00000000           0x00000206   Section        2  rtexit.o(.ARM.Collect$$rtexit$$00000000)
    .ARM.Collect$$rtexit$$00000002           0x00000208   Section        0  rtexit2.o(.ARM.Collect$$rtexit$$00000002)
    .ARM.Collect$$rtexit$$00000003           0x00000208   Section        4  rtexit2.o(.ARM.Collect$$rtexit$$00000003)
    .ARM.Collect$$rtexit$$00000004           0x0000020c   Section        6  rtexit2.o(.ARM.Collect$$rtexit$$00000004)
    .text                                    0x00000214   Section       60  startup_lpc17xx.o(.text)
    .text                                    0x00000250   Section        0  systen_delay.o(.text)
    .text                                    0x000002d0   Section        0  c89vsprintf.o(.text)
    .text                                    0x000002f4   Section        0  heapauxi.o(.text)
    .text                                    0x000002fa   Section        2  use_no_semi.o(.text)
    .ARM.__at_0x02FC                         0x000002fc   Section        4  startup_lpc17xx.o(.ARM.__at_0x02FC)
    .text                                    0x00000300   Section        0  system_lpc17xx.o(.text)
    .text                                    0x000005a4   Section        0  lpc17xx_clkpwr.o(.text)
    .text                                    0x000006f4   Section        0  lpc17xx_gpio.o(.text)
    GPIO_GetPointer                          0x000006f5   Thumb Code    52  lpc17xx_gpio.o(.text)
    FIO_HalfWordGetPointer                   0x00000729   Thumb Code    52  lpc17xx_gpio.o(.text)
    FIO_ByteGetPointer                       0x0000075d   Thumb Code    52  lpc17xx_gpio.o(.text)
    .text                                    0x00000b18   Section        0  lpc17xx_pinsel.o(.text)
    set_PinFunc                              0x00000b19   Thumb Code    60  lpc17xx_pinsel.o(.text)
    set_ResistorMode                         0x00000b55   Thumb Code    62  lpc17xx_pinsel.o(.text)
    set_OpenDrainMode                        0x00000b93   Thumb Code    44  lpc17xx_pinsel.o(.text)
    .text                                    0x00000c18   Section        0  lpc17xx_timer.o(.text)
    getPClock                                0x00000c19   Thumb Code    66  lpc17xx_timer.o(.text)
    converUSecToVal                          0x00000c5b   Thumb Code    50  lpc17xx_timer.o(.text)
    converPtrToTimeNum                       0x00000c8d   Thumb Code    46  lpc17xx_timer.o(.text)
    .text                                    0x0000129c   Section        0  lpc17xx_uart.o(.text)
    uart_set_divisors                        0x0000129d   Thumb Code   464  lpc17xx_uart.o(.text)
    .text                                    0x000020f8   Section        0  lpc17xx_ssp.o(.text)
    setSSPclock                              0x000020f9   Thumb Code   130  lpc17xx_ssp.o(.text)
    .text                                    0x000027c4   Section        0  pinconf.o(.text)
    .text                                    0x00002920   Section        0  timer0.o(.text)
    .text                                    0x00002a6c   Section        0  bip.o(.text)
    .text                                    0x00002ab0   Section        0  main.o(.text)
    .text                                    0x00002bb8   Section        0  timer3.o(.text)
    .text                                    0x00002c00   Section        0  ultrason.o(.text)
    .text                                    0x00002de8   Section        0  reception.o(.text)
    .text                                    0x00002f9c   Section        0  timer2.o(.text)
    .text                                    0x00002ff0   Section        0  emission.o(.text)
    .text                                    0x00003168   Section        0  ecran.o(.text)
    .text                                    0x0000364c   Section        0  ili_lcd_general.o(.text)
    delay                                    0x0000364d   Thumb Code    14  ili_lcd_general.o(.text)
    lcd_port_init                            0x0000365b   Thumb Code    48  ili_lcd_general.o(.text)
    .text                                    0x00004318   Section        0  lcd_api.o(.text)
    .text                                    0x000043c8   Section        0  terminal.o(.text)
    .text                                    0x000044a8   Section        0  touch_panel.o(.text)
    .text                                    0x0000494c   Section      238  lludivv7m.o(.text)
    .text                                    0x00004a3c   Section        0  __2sprintf.o(.text)
    .text                                    0x00004a68   Section        0  _printf_pad.o(.text)
    .text                                    0x00004abc   Section        0  _printf_dec.o(.text)
    .text                                    0x00004b34   Section        0  __printf_flags_ss_wp.o(.text)
    .text                                    0x00004cc0   Section        0  _printf_truncate.o(.text)
    .text                                    0x00004ce4   Section        0  _printf_str.o(.text)
    .text                                    0x00004d36   Section        0  _printf_intcommon.o(.text)
    .text                                    0x00004dee   Section        0  _printf_charcount.o(.text)
    .text                                    0x00004e18   Section        0  _printf_char_common.o(.text)
    _printf_input_char                       0x00004e19   Thumb Code    10  _printf_char_common.o(.text)
    .text                                    0x00004e48   Section        0  _sputc.o(.text)
    .text                                    0x00004e54   Section        0  _printf_wctomb.o(.text)
    .text                                    0x00004f10   Section        0  _printf_longlong_dec.o(.text)
    .text                                    0x00004f88   Section        0  _printf_oct_int_ll.o(.text)
    _printf_longlong_oct_internal            0x00004f89   Thumb Code     0  _printf_oct_int_ll.o(.text)
    .text                                    0x00005000   Section        0  _printf_hex_int_ll_ptr.o(.text)
    _printf_hex_common                       0x00005001   Thumb Code     0  _printf_hex_int_ll_ptr.o(.text)
    .text                                    0x0000509c   Section      138  lludiv10.o(.text)
    .text                                    0x00005126   Section        0  _printf_fp_dec.o(.text)
    _fp_digits                               0x00005129   Thumb Code   426  _printf_fp_dec.o(.text)
    .text                                    0x00005546   Section        0  _printf_char.o(.text)
    .text                                    0x00005572   Section        0  _printf_wchar.o(.text)
    .text                                    0x0000559e   Section        0  _wcrtomb.o(.text)
    .text                                    0x000055de   Section       74  sys_stackheap_outer.o(.text)
    .text                                    0x00005628   Section       16  rt_ctype_table.o(.text)
    .text                                    0x00005638   Section        8  rt_locale_intlibspace.o(.text)
    .text                                    0x00005640   Section        0  _printf_fp_infnan.o(.text)
    .text                                    0x000056c0   Section        0  bigflt0.o(.text)
    .text                                    0x000057a4   Section        0  exit.o(.text)
    .text                                    0x000057b0   Section        8  libspace.o(.text)
    .text                                    0x000057b8   Section      128  strcmpv7m.o(.text)
    .text                                    0x00005838   Section        0  sys_exit.o(.text)
    .text                                    0x00005844   Section        0  indicate_semi.o(.text)
    CL$$btod_d2e                             0x00005844   Section       62  btod.o(CL$$btod_d2e)
    CL$$btod_d2e_denorm_low                  0x00005882   Section       70  btod.o(CL$$btod_d2e_denorm_low)
    CL$$btod_d2e_norm_op1                    0x000058c8   Section       96  btod.o(CL$$btod_d2e_norm_op1)
    CL$$btod_div_common                      0x00005928   Section      824  btod.o(CL$$btod_div_common)
    CL$$btod_e2e                             0x00005c60   Section      198  btod.o(CL$$btod_e2e)
    CL$$btod_ediv                            0x00005d26   Section       40  btod.o(CL$$btod_ediv)
    CL$$btod_emul                            0x00005d4e   Section       40  btod.o(CL$$btod_emul)
    CL$$btod_mult_common                     0x00005d76   Section      580  btod.o(CL$$btod_mult_common)
    i.__ARM_fpclassify                       0x00005fba   Section        0  fpclassify.o(i.__ARM_fpclassify)
    i._is_digit                              0x00005fe2   Section        0  __printf_wp.o(i._is_digit)
    i.lcd_send                               0x00005ff0   Section        0  ili_lcd_general.o(i.lcd_send)
    i.read_data                              0x0000601c   Section        0  ili_lcd_general.o(i.read_data)
    i.wait_delay                             0x00006098   Section        0  ili_lcd_general.o(i.wait_delay)
    i.write_cmd                              0x000060ac   Section        0  ili_lcd_general.o(i.write_cmd)
    i.write_reg                              0x000060ec   Section        0  ili_lcd_general.o(i.write_reg)
    locale$$code                             0x00006100   Section       44  lc_numeric_c.o(locale$$code)
    locale$$code                             0x0000612c   Section       44  lc_ctype_c.o(locale$$code)
    x$fpl$fcmpinf                            0x00006158   Section       24  fcmpi.o(x$fpl$fcmpinf)
    x$fpl$ffix                               0x00006170   Section       54  ffix.o(x$fpl$ffix)
    x$fpl$fflt                               0x000061a8   Section       48  fflt_clz.o(x$fpl$fflt)
    x$fpl$fleqf                              0x000061d8   Section      104  fleqf.o(x$fpl$fleqf)
    x$fpl$fnaninf                            0x00006240   Section      140  fnaninf.o(x$fpl$fnaninf)
    x$fpl$printf1                            0x000062cc   Section        4  printf1.o(x$fpl$printf1)
    .constdata                               0x000062d0   Section     1520  english_16x8.o(.constdata)
    x$fpl$usenofp                            0x000062d0   Section        0  usenofp.o(x$fpl$usenofp)
    .constdata                               0x000068c0   Section       17  __printf_flags_ss_wp.o(.constdata)
    maptable                                 0x000068c0   Data          17  __printf_flags_ss_wp.o(.constdata)
    .constdata                               0x000068d4   Section        8  _printf_wctomb.o(.constdata)
    initial_mbstate                          0x000068d4   Data           8  _printf_wctomb.o(.constdata)
    .constdata                               0x000068dc   Section       40  _printf_hex_int_ll_ptr.o(.constdata)
    uc_hextab                                0x000068dc   Data          20  _printf_hex_int_ll_ptr.o(.constdata)
    lc_hextab                                0x000068f0   Data          20  _printf_hex_int_ll_ptr.o(.constdata)
    .constdata                               0x00006904   Section      148  bigflt0.o(.constdata)
    tenpwrs_x                                0x00006904   Data          60  bigflt0.o(.constdata)
    tenpwrs_i                                0x00006940   Data          64  bigflt0.o(.constdata)
    locale$$data                             0x000069b8   Section       28  lc_numeric_c.o(locale$$data)
    __lcnum_c_name                           0x000069bc   Data           2  lc_numeric_c.o(locale$$data)
    __lcnum_c_start                          0x000069c4   Data           0  lc_numeric_c.o(locale$$data)
    __lcnum_c_point                          0x000069d0   Data           0  lc_numeric_c.o(locale$$data)
    __lcnum_c_thousands                      0x000069d2   Data           0  lc_numeric_c.o(locale$$data)
    __lcnum_c_grouping                       0x000069d3   Data           0  lc_numeric_c.o(locale$$data)
    locale$$data                             0x000069d4   Section      272  lc_ctype_c.o(locale$$data)
    __lcnum_c_end                            0x000069d4   Data           0  lc_numeric_c.o(locale$$data)
    __lcctype_c_name                         0x000069d8   Data           2  lc_ctype_c.o(locale$$data)
    __lcctype_c_start                        0x000069e0   Data           0  lc_ctype_c.o(locale$$data)
    __lcctype_c_end                          0x00006ae4   Data           0  lc_ctype_c.o(locale$$data)
    .data                                    0x10000000   Section        4  system_lpc17xx.o(.data)
    .data                                    0x10000004   Section        4  systen_delay.o(.data)
    .data                                    0x10000008   Section      156  main.o(.data)
    .data                                    0x100000a4   Section        2  ili_lcd_general.o(.data)
    deviceid                                 0x100000a4   Data           2  ili_lcd_general.o(.data)
    .bss                                     0x100000a8   Section       60  main.o(.bss)
    .bss                                     0x100000e4   Section      513  terminal.o(.bss)
    buffer                                   0x100000e4   Data         513  terminal.o(.bss)
    .bss                                     0x100002e8   Section       24  touch_panel.o(.bss)
    .bss                                     0x10000300   Section       96  libspace.o(.bss)
    HEAP                                     0x10000360   Section        0  startup_lpc17xx.o(HEAP)
    STACK                                    0x10000360   Section      512  startup_lpc17xx.o(STACK)
    Heap_Mem                                 0x10000360   Data           0  startup_lpc17xx.o(HEAP)
    Stack_Mem                                0x10000360   Data         512  startup_lpc17xx.o(STACK)
    __initial_sp                             0x10000560   Data           0  startup_lpc17xx.o(STACK)

    Global Symbols

    Symbol Name                              Value     Ov Type        Size  Object(Section)

    BuildAttributes$$THM_ISAv4$P$D$K$B$S$PE$A:L22UL41UL21$X:L11$S22US41US21$IEEE1$IW$USESV6$~STKCKD$USESV7$~SHL$OTIME$ROPI$IEEEJ$EBA8$UX$STANDARDLIB$REQ8$PRES8$EABIv2 0x00000000   Number         0  anon$$obj.o ABSOLUTE
    __ARM_use_no_argv                        0x00000000   Number         0  main.o ABSOLUTE
    __Vectors                                0x00000000   Data           4  startup_lpc17xx.o(RESET)
    _printf_flags                            0x00000000   Number         0  printf_stubs.o ABSOLUTE
    _printf_return_value                     0x00000000   Number         0  printf_stubs.o ABSOLUTE
    _printf_sizespec                         0x00000000   Number         0  printf_stubs.o ABSOLUTE
    _printf_widthprec                        0x00000000   Number         0  printf_stubs.o ABSOLUTE
    __ARM_exceptions_init                     - Undefined Weak Reference
    __alloca_initialize                       - Undefined Weak Reference
    __cpp_initialize__aeabi_                  - Undefined Weak Reference
    __cxa_finalize                            - Undefined Weak Reference
    __sigvec_lookup                           - Undefined Weak Reference
    _atexit_init                              - Undefined Weak Reference
    _call_atexit_fns                          - Undefined Weak Reference
    _clock_init                               - Undefined Weak Reference
    _fp_trap_init                             - Undefined Weak Reference
    _fp_trap_shutdown                         - Undefined Weak Reference
    _get_lc_collate                           - Undefined Weak Reference
    _get_lc_monetary                          - Undefined Weak Reference
    _get_lc_time                              - Undefined Weak Reference
    _getenv_init                              - Undefined Weak Reference
    _handle_redirection                       - Undefined Weak Reference
    _init_alloc                               - Undefined Weak Reference
    _init_user_alloc                          - Undefined Weak Reference
    _initio                                   - Undefined Weak Reference
    _printf_fp_hex                            - Undefined Weak Reference
    _printf_mbtowc                            - Undefined Weak Reference
    _printf_wc                                - Undefined Weak Reference
    _rand_init                                - Undefined Weak Reference
    _signal_finish                            - Undefined Weak Reference
    _signal_init                              - Undefined Weak Reference
    _terminate_alloc                          - Undefined Weak Reference
    _terminate_user_alloc                     - Undefined Weak Reference
    _terminateio                              - Undefined Weak Reference
    __main                                   0x000000cd   Thumb Code     8  __main.o(!!!main)
    __scatterload                            0x000000d5   Thumb Code     0  __scatter.o(!!!scatter)
    __scatterload_rt2                        0x000000d5   Thumb Code    44  __scatter.o(!!!scatter)
    __scatterload_rt2_thumb_only             0x000000d5   Thumb Code     0  __scatter.o(!!!scatter)
    __scatterload_null                       0x000000e3   Thumb Code     0  __scatter.o(!!!scatter)
    __scatterload_copy                       0x00000109   Thumb Code    26  __scatter_copy.o(!!handler_copy)
    __scatterload_zeroinit                   0x00000125   Thumb Code    28  __scatter_zi.o(!!handler_zi)
    _printf_n                                0x00000141   Thumb Code     0  _printf_n.o(.ARM.Collect$$_printf_percent$$00000001)
    _printf_percent                          0x00000141   Thumb Code     0  _printf_percent.o(.ARM.Collect$$_printf_percent$$00000000)
    _printf_p                                0x00000147   Thumb Code     0  _printf_p.o(.ARM.Collect$$_printf_percent$$00000002)
    _printf_f                                0x0000014d   Thumb Code     0  _printf_f.o(.ARM.Collect$$_printf_percent$$00000003)
    _printf_e                                0x00000153   Thumb Code     0  _printf_e.o(.ARM.Collect$$_printf_percent$$00000004)
    _printf_g                                0x00000159   Thumb Code     0  _printf_g.o(.ARM.Collect$$_printf_percent$$00000005)
    _printf_a                                0x0000015f   Thumb Code     0  _printf_a.o(.ARM.Collect$$_printf_percent$$00000006)
    _printf_ll                               0x00000165   Thumb Code     0  _printf_ll.o(.ARM.Collect$$_printf_percent$$00000007)
    _printf_i                                0x0000016f   Thumb Code     0  _printf_i.o(.ARM.Collect$$_printf_percent$$00000008)
    _printf_d                                0x00000175   Thumb Code     0  _printf_d.o(.ARM.Collect$$_printf_percent$$00000009)
    _printf_u                                0x0000017b   Thumb Code     0  _printf_u.o(.ARM.Collect$$_printf_percent$$0000000A)
    _printf_o                                0x00000181   Thumb Code     0  _printf_o.o(.ARM.Collect$$_printf_percent$$0000000B)
    _printf_x                                0x00000187   Thumb Code     0  _printf_x.o(.ARM.Collect$$_printf_percent$$0000000C)
    _printf_lli                              0x0000018d   Thumb Code     0  _printf_lli.o(.ARM.Collect$$_printf_percent$$0000000D)
    _printf_lld                              0x00000193   Thumb Code     0  _printf_lld.o(.ARM.Collect$$_printf_percent$$0000000E)
    _printf_llu                              0x00000199   Thumb Code     0  _printf_llu.o(.ARM.Collect$$_printf_percent$$0000000F)
    _printf_llo                              0x0000019f   Thumb Code     0  _printf_llo.o(.ARM.Collect$$_printf_percent$$00000010)
    _printf_llx                              0x000001a5   Thumb Code     0  _printf_llx.o(.ARM.Collect$$_printf_percent$$00000011)
    _printf_l                                0x000001ab   Thumb Code     0  _printf_l.o(.ARM.Collect$$_printf_percent$$00000012)
    _printf_c                                0x000001b5   Thumb Code     0  _printf_c.o(.ARM.Collect$$_printf_percent$$00000013)
    _printf_s                                0x000001bb   Thumb Code     0  _printf_s.o(.ARM.Collect$$_printf_percent$$00000014)
    _printf_lc                               0x000001c1   Thumb Code     0  _printf_lc.o(.ARM.Collect$$_printf_percent$$00000015)
    _printf_ls                               0x000001c7   Thumb Code     0  _printf_ls.o(.ARM.Collect$$_printf_percent$$00000016)
    _printf_percent_end                      0x000001cd   Thumb Code     0  _printf_percent_end.o(.ARM.Collect$$_printf_percent$$00000017)
    __rt_lib_init                            0x000001d1   Thumb Code     0  libinit.o(.ARM.Collect$$libinit$$00000000)
    __rt_lib_init_fp_1                       0x000001d3   Thumb Code     0  libinit2.o(.ARM.Collect$$libinit$$00000002)
    __rt_lib_init_heap_1                     0x000001d3   Thumb Code     0  libinit2.o(.ARM.Collect$$libinit$$00000008)
    __rt_lib_init_lc_common                  0x000001d3   Thumb Code     0  libinit2.o(.ARM.Collect$$libinit$$0000000D)
    __rt_lib_init_rand_1                     0x000001d3   Thumb Code     0  libinit2.o(.ARM.Collect$$libinit$$0000000C)
    __rt_lib_init_user_alloc_1               0x000001d3   Thumb Code     0  libinit2.o(.ARM.Collect$$libinit$$0000000A)
    __rt_lib_init_lc_collate_1               0x000001d9   Thumb Code     0  libinit2.o(.ARM.Collect$$libinit$$0000000F)
    __rt_lib_init_lc_ctype_2                 0x000001d9   Thumb Code     0  libinit2.o(.ARM.Collect$$libinit$$00000010)
    __rt_lib_init_lc_ctype_1                 0x000001e5   Thumb Code     0  libinit2.o(.ARM.Collect$$libinit$$00000011)
    __rt_lib_init_lc_monetary_1              0x000001e5   Thumb Code     0  libinit2.o(.ARM.Collect$$libinit$$00000013)
    __rt_lib_init_lc_numeric_2               0x000001e5   Thumb Code     0  libinit2.o(.ARM.Collect$$libinit$$00000014)
    __rt_lib_init_alloca_1                   0x000001ef   Thumb Code     0  libinit2.o(.ARM.Collect$$libinit$$0000002C)
    __rt_lib_init_argv_1                     0x000001ef   Thumb Code     0  libinit2.o(.ARM.Collect$$libinit$$0000002A)
    __rt_lib_init_atexit_1                   0x000001ef   Thumb Code     0  libinit2.o(.ARM.Collect$$libinit$$00000019)
    __rt_lib_init_clock_1                    0x000001ef   Thumb Code     0  libinit2.o(.ARM.Collect$$libinit$$0000001F)
    __rt_lib_init_cpp_1                      0x000001ef   Thumb Code     0  libinit2.o(.ARM.Collect$$libinit$$00000030)
    __rt_lib_init_exceptions_1               0x000001ef   Thumb Code     0  libinit2.o(.ARM.Collect$$libinit$$0000002E)
    __rt_lib_init_fp_trap_1                  0x000001ef   Thumb Code     0  libinit2.o(.ARM.Collect$$libinit$$0000001D)
    __rt_lib_init_getenv_1                   0x000001ef   Thumb Code     0  libinit2.o(.ARM.Collect$$libinit$$00000021)
    __rt_lib_init_lc_numeric_1               0x000001ef   Thumb Code     0  libinit2.o(.ARM.Collect$$libinit$$00000015)
    __rt_lib_init_lc_time_1                  0x000001ef   Thumb Code     0  libinit2.o(.ARM.Collect$$libinit$$00000017)
    __rt_lib_init_return                     0x000001ef   Thumb Code     0  libinit2.o(.ARM.Collect$$libinit$$00000031)
    __rt_lib_init_signal_1                   0x000001ef   Thumb Code     0  libinit2.o(.ARM.Collect$$libinit$$0000001B)
    __rt_lib_init_stdio_1                    0x000001ef   Thumb Code     0  libinit2.o(.ARM.Collect$$libinit$$00000023)
    __rt_lib_shutdown                        0x000001f1   Thumb Code     0  libshutdown.o(.ARM.Collect$$libshutdown$$00000000)
    __rt_lib_shutdown_fp_trap_1              0x000001f3   Thumb Code     0  libshutdown2.o(.ARM.Collect$$libshutdown$$00000006)
    __rt_lib_shutdown_heap_1                 0x000001f3   Thumb Code     0  libshutdown2.o(.ARM.Collect$$libshutdown$$0000000E)
    __rt_lib_shutdown_return                 0x000001f3   Thumb Code     0  libshutdown2.o(.ARM.Collect$$libshutdown$$0000000F)
    __rt_lib_shutdown_signal_1               0x000001f3   Thumb Code     0  libshutdown2.o(.ARM.Collect$$libshutdown$$00000009)
    __rt_lib_shutdown_stdio_1                0x000001f3   Thumb Code     0  libshutdown2.o(.ARM.Collect$$libshutdown$$00000003)
    __rt_lib_shutdown_user_alloc_1           0x000001f3   Thumb Code     0  libshutdown2.o(.ARM.Collect$$libshutdown$$0000000B)
    __rt_entry                               0x000001f5   Thumb Code     0  rtentry.o(.ARM.Collect$$rtentry$$00000000)
    __rt_entry_presh_1                       0x000001f5   Thumb Code     0  rtentry2.o(.ARM.Collect$$rtentry$$00000002)
    __rt_entry_sh                            0x000001f5   Thumb Code     0  rtentry4.o(.ARM.Collect$$rtentry$$00000004)
    __rt_entry_li                            0x000001fb   Thumb Code     0  rtentry2.o(.ARM.Collect$$rtentry$$0000000A)
    __rt_entry_postsh_1                      0x000001fb   Thumb Code     0  rtentry2.o(.ARM.Collect$$rtentry$$00000009)
    __rt_entry_main                          0x000001ff   Thumb Code     0  rtentry2.o(.ARM.Collect$$rtentry$$0000000D)
    __rt_entry_postli_1                      0x000001ff   Thumb Code     0  rtentry2.o(.ARM.Collect$$rtentry$$0000000C)
    __rt_exit                                0x00000207   Thumb Code     0  rtexit.o(.ARM.Collect$$rtexit$$00000000)
    __rt_exit_ls                             0x00000209   Thumb Code     0  rtexit2.o(.ARM.Collect$$rtexit$$00000003)
    __rt_exit_prels_1                        0x00000209   Thumb Code     0  rtexit2.o(.ARM.Collect$$rtexit$$00000002)
    __rt_exit_exit                           0x0000020d   Thumb Code     0  rtexit2.o(.ARM.Collect$$rtexit$$00000004)
    Reset_Handler                            0x00000215   Thumb Code     8  startup_lpc17xx.o(.text)
    NMI_Handler                              0x0000021d   Thumb Code     2  startup_lpc17xx.o(.text)
    HardFault_Handler                        0x0000021f   Thumb Code     2  startup_lpc17xx.o(.text)
    MemManage_Handler                        0x00000221   Thumb Code     2  startup_lpc17xx.o(.text)
    BusFault_Handler                         0x00000223   Thumb Code     2  startup_lpc17xx.o(.text)
    UsageFault_Handler                       0x00000225   Thumb Code     2  startup_lpc17xx.o(.text)
    SVC_Handler                              0x00000227   Thumb Code     2  startup_lpc17xx.o(.text)
    DebugMon_Handler                         0x00000229   Thumb Code     2  startup_lpc17xx.o(.text)
    PendSV_Handler                           0x0000022b   Thumb Code     2  startup_lpc17xx.o(.text)
    ADC_IRQHandler                           0x0000022f   Thumb Code     0  startup_lpc17xx.o(.text)
    BOD_IRQHandler                           0x0000022f   Thumb Code     0  startup_lpc17xx.o(.text)
    CANActivity_IRQHandler                   0x0000022f   Thumb Code     0  startup_lpc17xx.o(.text)
    CAN_IRQHandler                           0x0000022f   Thumb Code     0  startup_lpc17xx.o(.text)
    DMA_IRQHandler                           0x0000022f   Thumb Code     0  startup_lpc17xx.o(.text)
    EINT0_IRQHandler                         0x0000022f   Thumb Code     0  startup_lpc17xx.o(.text)
    EINT1_IRQHandler                         0x0000022f   Thumb Code     0  startup_lpc17xx.o(.text)
    EINT2_IRQHandler                         0x0000022f   Thumb Code     0  startup_lpc17xx.o(.text)
    ENET_IRQHandler                          0x0000022f   Thumb Code     0  startup_lpc17xx.o(.text)
    I2C0_IRQHandler                          0x0000022f   Thumb Code     0  startup_lpc17xx.o(.text)
    I2C1_IRQHandler                          0x0000022f   Thumb Code     0  startup_lpc17xx.o(.text)
    I2C2_IRQHandler                          0x0000022f   Thumb Code     0  startup_lpc17xx.o(.text)
    I2S_IRQHandler                           0x0000022f   Thumb Code     0  startup_lpc17xx.o(.text)
    MCPWM_IRQHandler                         0x0000022f   Thumb Code     0  startup_lpc17xx.o(.text)
    PLL0_IRQHandler                          0x0000022f   Thumb Code     0  startup_lpc17xx.o(.text)
    PLL1_IRQHandler                          0x0000022f   Thumb Code     0  startup_lpc17xx.o(.text)
    PWM1_IRQHandler                          0x0000022f   Thumb Code     0  startup_lpc17xx.o(.text)
    QEI_IRQHandler                           0x0000022f   Thumb Code     0  startup_lpc17xx.o(.text)
    RIT_IRQHandler                           0x0000022f   Thumb Code     0  startup_lpc17xx.o(.text)
    RTC_IRQHandler                           0x0000022f   Thumb Code     0  startup_lpc17xx.o(.text)
    SPI_IRQHandler                           0x0000022f   Thumb Code     0  startup_lpc17xx.o(.text)
    SSP0_IRQHandler                          0x0000022f   Thumb Code     0  startup_lpc17xx.o(.text)
    SSP1_IRQHandler                          0x0000022f   Thumb Code     0  startup_lpc17xx.o(.text)
    TIMER1_IRQHandler                        0x0000022f   Thumb Code     0  startup_lpc17xx.o(.text)
    TIMER3_IRQHandler                        0x0000022f   Thumb Code     0  startup_lpc17xx.o(.text)
    UART0_IRQHandler                         0x0000022f   Thumb Code     0  startup_lpc17xx.o(.text)
    UART1_IRQHandler                         0x0000022f   Thumb Code     0  startup_lpc17xx.o(.text)
    UART2_IRQHandler                         0x0000022f   Thumb Code     0  startup_lpc17xx.o(.text)
    UART3_IRQHandler                         0x0000022f   Thumb Code     0  startup_lpc17xx.o(.text)
    USBActivity_IRQHandler                   0x0000022f   Thumb Code     0  startup_lpc17xx.o(.text)
    USB_IRQHandler                           0x0000022f   Thumb Code     0  startup_lpc17xx.o(.text)
    WDT_IRQHandler                           0x0000022f   Thumb Code     0  startup_lpc17xx.o(.text)
    __user_initial_stackheap                 0x00000231   Thumb Code     0  startup_lpc17xx.o(.text)
    SysTick_Handler                          0x00000251   Thumb Code    12  systen_delay.o(.text)
    delay_init                               0x0000025d   Thumb Code    82  systen_delay.o(.text)
    delay_ms                                 0x000002af   Thumb Code    18  systen_delay.o(.text)
    __c89vsprintf                            0x000002d1   Thumb Code    32  c89vsprintf.o(.text)
    __use_two_region_memory                  0x000002f5   Thumb Code     2  heapauxi.o(.text)
    __rt_heap_escrow$2region                 0x000002f7   Thumb Code     2  heapauxi.o(.text)
    __rt_heap_expand$2region                 0x000002f9   Thumb Code     2  heapauxi.o(.text)
    __I$use$semihosting                      0x000002fb   Thumb Code     0  use_no_semi.o(.text)
    __use_no_semihosting_swi                 0x000002fb   Thumb Code     2  use_no_semi.o(.text)
    SystemCoreClockUpdate                    0x00000301   Thumb Code   312  system_lpc17xx.o(.text)
    SystemInit                               0x00000439   Thumb Code   282  system_lpc17xx.o(.text)
    CLKPWR_SetPCLKDiv                        0x000005a5   Thumb Code   106  lpc17xx_clkpwr.o(.text)
    CLKPWR_GetPCLKSEL                        0x0000060f   Thumb Code    32  lpc17xx_clkpwr.o(.text)
    CLKPWR_GetPCLK                           0x0000062f   Thumb Code    58  lpc17xx_clkpwr.o(.text)
    CLKPWR_ConfigPPWR                        0x00000669   Thumb Code    50  lpc17xx_clkpwr.o(.text)
    CLKPWR_Sleep                             0x0000069b   Thumb Code    10  lpc17xx_clkpwr.o(.text)
    CLKPWR_DeepSleep                         0x000006a5   Thumb Code    16  lpc17xx_clkpwr.o(.text)
    CLKPWR_PowerDown                         0x000006b5   Thumb Code    16  lpc17xx_clkpwr.o(.text)
    CLKPWR_DeepPowerDown                     0x000006c5   Thumb Code    16  lpc17xx_clkpwr.o(.text)
    GPIO_SetDir                              0x00000791   Thumb Code    40  lpc17xx_gpio.o(.text)
    GPIO_SetValue                            0x000007b9   Thumb Code    20  lpc17xx_gpio.o(.text)
    GPIO_ClearValue                          0x000007cd   Thumb Code    20  lpc17xx_gpio.o(.text)
    GPIO_ReadValue                           0x000007e1   Thumb Code    22  lpc17xx_gpio.o(.text)
    GPIO_IntCmd                              0x000007f7   Thumb Code    54  lpc17xx_gpio.o(.text)
    GPIO_GetIntStatus                        0x0000082d   Thumb Code    86  lpc17xx_gpio.o(.text)
    GPIO_ClearInt                            0x00000883   Thumb Code    24  lpc17xx_gpio.o(.text)
    FIO_SetDir                               0x0000089b   Thumb Code    20  lpc17xx_gpio.o(.text)
    FIO_SetValue                             0x000008af   Thumb Code    16  lpc17xx_gpio.o(.text)
    FIO_ClearValue                           0x000008bf   Thumb Code    16  lpc17xx_gpio.o(.text)
    FIO_ReadValue                            0x000008cf   Thumb Code    12  lpc17xx_gpio.o(.text)
    FIO_IntCmd                               0x000008db   Thumb Code    20  lpc17xx_gpio.o(.text)
    FIO_GetIntStatus                         0x000008ef   Thumb Code    20  lpc17xx_gpio.o(.text)
    FIO_ClearInt                             0x00000903   Thumb Code    16  lpc17xx_gpio.o(.text)
    FIO_SetMask                              0x00000913   Thumb Code    40  lpc17xx_gpio.o(.text)
    FIO_HalfWordSetDir                       0x0000093b   Thumb Code    62  lpc17xx_gpio.o(.text)
    FIO_HalfWordSetMask                      0x00000979   Thumb Code    62  lpc17xx_gpio.o(.text)
    FIO_HalfWordSetValue                     0x000009b7   Thumb Code    32  lpc17xx_gpio.o(.text)
    FIO_HalfWordClearValue                   0x000009d7   Thumb Code    32  lpc17xx_gpio.o(.text)
    FIO_HalfWordReadValue                    0x000009f7   Thumb Code    30  lpc17xx_gpio.o(.text)
    FIO_ByteSetDir                           0x00000a15   Thumb Code    50  lpc17xx_gpio.o(.text)
    FIO_ByteSetMask                          0x00000a47   Thumb Code    66  lpc17xx_gpio.o(.text)
    FIO_ByteSetValue                         0x00000a89   Thumb Code    34  lpc17xx_gpio.o(.text)
    FIO_ByteClearValue                       0x00000aab   Thumb Code    34  lpc17xx_gpio.o(.text)
    FIO_ByteReadValue                        0x00000acd   Thumb Code    76  lpc17xx_gpio.o(.text)
    PINSEL_ConfigTraceFunc                   0x00000bbf   Thumb Code    34  lpc17xx_pinsel.o(.text)
    PINSEL_SetI2C0Pins                       0x00000be1   Thumb Code    16  lpc17xx_pinsel.o(.text)
    PINSEL_ConfigPin                         0x00000bf1   Thumb Code    36  lpc17xx_pinsel.o(.text)
    TIM_GetIntStatus                         0x00000cbb   Thumb Code    92  lpc17xx_timer.o(.text)
    TIM_GetIntCaptureStatus                  0x00000d17   Thumb Code    94  lpc17xx_timer.o(.text)
    TIM_ClearIntPending                      0x00000d75   Thumb Code    80  lpc17xx_timer.o(.text)
    TIM_ClearIntCapturePending               0x00000dc5   Thumb Code    82  lpc17xx_timer.o(.text)
    TIM_ConfigStructInit                     0x00000e17   Thumb Code    22  lpc17xx_timer.o(.text)
    TIM_Init                                 0x00000e2d   Thumb Code   272  lpc17xx_timer.o(.text)
    TIM_DeInit                               0x00000f3d   Thumb Code   112  lpc17xx_timer.o(.text)
    TIM_Cmd                                  0x00000fad   Thumb Code    66  lpc17xx_timer.o(.text)
    TIM_ResetCounter                         0x00000fef   Thumb Code    58  lpc17xx_timer.o(.text)
    TIM_ConfigMatch                          0x00001029   Thumb Code   330  lpc17xx_timer.o(.text)
    TIM_UpdateMatchValue                     0x00001173   Thumb Code    86  lpc17xx_timer.o(.text)
    TIM_ConfigCapture                        0x000011c9   Thumb Code   126  lpc17xx_timer.o(.text)
    TIM_GetCaptureValue                      0x00001247   Thumb Code    74  lpc17xx_timer.o(.text)
    UART_Init                                0x0000146d   Thumb Code   482  lpc17xx_uart.o(.text)
    UART_TxCmd                               0x0000164f   Thumb Code   206  lpc17xx_uart.o(.text)
    UART_DeInit                              0x0000171d   Thumb Code   112  lpc17xx_uart.o(.text)
    UART_ConfigStructInit                    0x0000178d   Thumb Code    18  lpc17xx_uart.o(.text)
    UART_SendByte                            0x0000179f   Thumb Code    58  lpc17xx_uart.o(.text)
    UART_ReceiveByte                         0x000017d9   Thumb Code    56  lpc17xx_uart.o(.text)
    UART_Send                                0x00001811   Thumb Code   150  lpc17xx_uart.o(.text)
    UART_Receive                             0x000018a7   Thumb Code   122  lpc17xx_uart.o(.text)
    UART_ForceBreak                          0x00001921   Thumb Code    68  lpc17xx_uart.o(.text)
    UART_IntConfig                           0x00001965   Thumb Code   260  lpc17xx_uart.o(.text)
    UART_GetLineStatus                       0x00001a69   Thumb Code    56  lpc17xx_uart.o(.text)
    UART_GetIntId                            0x00001aa1   Thumb Code    52  lpc17xx_uart.o(.text)
    UART_CheckBusy                           0x00001ad5   Thumb Code    36  lpc17xx_uart.o(.text)
    UART_FIFOConfig                          0x00001af9   Thumb Code   254  lpc17xx_uart.o(.text)
    UART_FIFOConfigStructInit                0x00001bf7   Thumb Code    14  lpc17xx_uart.o(.text)
    UART_ABCmd                               0x00001c05   Thumb Code   192  lpc17xx_uart.o(.text)
    UART_ABClearIntPending                   0x00001cc5   Thumb Code    66  lpc17xx_uart.o(.text)
    UART_IrDAInvtInputCmd                    0x00001d07   Thumb Code    80  lpc17xx_uart.o(.text)
    UART_IrDACmd                             0x00001d57   Thumb Code    78  lpc17xx_uart.o(.text)
    UART_IrDAPulseDivConfig                  0x00001da5   Thumb Code   102  lpc17xx_uart.o(.text)
    UART_FullModemForcePinState              0x00001e0b   Thumb Code   118  lpc17xx_uart.o(.text)
    UART_FullModemConfigMode                 0x00001e81   Thumb Code   146  lpc17xx_uart.o(.text)
    UART_FullModemGetStatus                  0x00001f13   Thumb Code    28  lpc17xx_uart.o(.text)
    UART_RS485Config                         0x00001f2f   Thumb Code   296  lpc17xx_uart.o(.text)
    UART_RS485ReceiverCmd                    0x00002057   Thumb Code    32  lpc17xx_uart.o(.text)
    UART_RS485Send                           0x00002077   Thumb Code    84  lpc17xx_uart.o(.text)
    UART_RS485SendSlvAddr                    0x000020cb   Thumb Code    18  lpc17xx_uart.o(.text)
    UART_RS485SendData                       0x000020dd   Thumb Code    22  lpc17xx_uart.o(.text)
    SSP_Init                                 0x0000217b   Thumb Code   100  lpc17xx_ssp.o(.text)
    SSP_DeInit                               0x000021df   Thumb Code    60  lpc17xx_ssp.o(.text)
    SSP_GetDataSize                          0x0000221b   Thumb Code    34  lpc17xx_ssp.o(.text)
    SSP_ConfigStructInit                     0x0000223d   Thumb Code    22  lpc17xx_ssp.o(.text)
    SSP_Cmd                                  0x00002253   Thumb Code    68  lpc17xx_ssp.o(.text)
    SSP_LoopBackCmd                          0x00002297   Thumb Code    68  lpc17xx_ssp.o(.text)
    SSP_SlaveOutputCmd                       0x000022db   Thumb Code    72  lpc17xx_ssp.o(.text)
    SSP_SendData                             0x00002323   Thumb Code    34  lpc17xx_ssp.o(.text)
    SSP_ReceiveData                          0x00002345   Thumb Code    34  lpc17xx_ssp.o(.text)
    SSP_ReadWrite                            0x00002367   Thumb Code   628  lpc17xx_ssp.o(.text)
    SSP_GetStatus                            0x000025db   Thumb Code    80  lpc17xx_ssp.o(.text)
    SSP_IntConfig                            0x0000262b   Thumb Code    58  lpc17xx_ssp.o(.text)
    SSP_GetRawIntStatus                      0x00002665   Thumb Code    76  lpc17xx_ssp.o(.text)
    SSP_GetRawIntStatusReg                   0x000026b1   Thumb Code    34  lpc17xx_ssp.o(.text)
    SSP_GetIntStatus                         0x000026d3   Thumb Code    76  lpc17xx_ssp.o(.text)
    SSP_ClearIntPending                      0x0000271f   Thumb Code    58  lpc17xx_ssp.o(.text)
    SSP_DMACmd                               0x00002759   Thumb Code   100  lpc17xx_ssp.o(.text)
    pin_Configuration                        0x000027c5   Thumb Code   346  pinconf.o(.text)
    T0_Init                                  0x00002921   Thumb Code   100  timer0.o(.text)
    TIMER0_IRQHandler                        0x00002985   Thumb Code   190  timer0.o(.text)
    periode                                  0x00002a6d   Thumb Code    30  bip.o(.text)
    bip                                      0x00002a8b   Thumb Code    28  bip.o(.text)
    main                                     0x00002ab1   Thumb Code   220  main.o(.text)
    check_failed                             0x00002b8d   Thumb Code     4  main.o(.text)
    T3_Init                                  0x00002bb9   Thumb Code    66  timer3.o(.text)
    Trigger                                  0x00002c01   Thumb Code    84  ultrason.o(.text)
    Poussoir_init                            0x00002c55   Thumb Code    26  ultrason.o(.text)
    Compteur                                 0x00002c6f   Thumb Code    66  ultrason.o(.text)
    Bouton_poussoir                          0x00002cb1   Thumb Code    16  ultrason.o(.text)
    compteur_echo                            0x00002cc1   Thumb Code   112  ultrason.o(.text)
    start_compteur                           0x00002d31   Thumb Code    42  ultrason.o(.text)
    Echo_fonction                            0x00002d5b   Thumb Code    26  ultrason.o(.text)
    EINT3_IRQHandler                         0x00002d75   Thumb Code    60  ultrason.o(.text)
    TIMER2_IRQHandler                        0x00002de9   Thumb Code   412  reception.o(.text)
    T2_Init                                  0x00002f9d   Thumb Code    78  timer2.o(.text)
    emission                                 0x00002ff1   Thumb Code   348  emission.o(.text)
    affichage                                0x00003169   Thumb Code   370  ecran.o(.text)
    initialisation_variables_ecran           0x000032db   Thumb Code    58  ecran.o(.text)
    initialisation_ecran                     0x00003315   Thumb Code    20  ecran.o(.text)
    valider                                  0x00003329   Thumb Code   160  ecran.o(.text)
    update_password                          0x000033c9   Thumb Code   548  ecran.o(.text)
    rw_data_prepare                          0x0000368b   Thumb Code    10  ili_lcd_general.o(.text)
    write_data                               0x00003695   Thumb Code    50  ili_lcd_general.o(.text)
    lcd_getdeviceid                          0x000036c7   Thumb Code     6  ili_lcd_general.o(.text)
    BGR2RGB                                  0x000036cd   Thumb Code    26  ili_lcd_general.o(.text)
    lcd_SetCursor                            0x000036e7   Thumb Code    52  ili_lcd_general.o(.text)
    lcd_read_gram                            0x0000371b   Thumb Code    34  ili_lcd_general.o(.text)
    lcd_clear                                0x0000373d   Thumb Code    38  ili_lcd_general.o(.text)
    lcd_data_bus_test                        0x00003763   Thumb Code   222  ili_lcd_general.o(.text)
    lcd_gram_test                            0x00003841   Thumb Code   252  ili_lcd_general.o(.text)
    lcd_Initializtion                        0x0000393d   Thumb Code  2520  ili_lcd_general.o(.text)
    LCD_write_english                        0x00004319   Thumb Code   118  lcd_api.o(.text)
    LCD_write_english_string                 0x0000438f   Thumb Code    52  lcd_api.o(.text)
    init_terminal                            0x000043c9   Thumb Code   118  terminal.o(.text)
    affiche_msg                              0x0000443f   Thumb Code    26  terminal.o(.text)
    terminal_puts                            0x00004459   Thumb Code    30  terminal.o(.text)
    tprintf                                  0x00004477   Thumb Code    38  terminal.o(.text)
    SPI_WriteByte                            0x000044a9   Thumb Code    42  touch_panel.o(.text)
    spi1_init                                0x000044d3   Thumb Code   106  touch_panel.o(.text)
    touch_init                               0x0000453d   Thumb Code    80  touch_panel.o(.text)
    touch_debug                              0x0000458d   Thumb Code   454  touch_panel.o(.text)
    touch_down                               0x00004753   Thumb Code   506  touch_panel.o(.text)
    __aeabi_uldivmod                         0x0000494d   Thumb Code     0  lludivv7m.o(.text)
    _ll_udiv                                 0x0000494d   Thumb Code   238  lludivv7m.o(.text)
    __2sprintf                               0x00004a3d   Thumb Code    38  __2sprintf.o(.text)
    _printf_pre_padding                      0x00004a69   Thumb Code    46  _printf_pad.o(.text)
    _printf_post_padding                     0x00004a97   Thumb Code    36  _printf_pad.o(.text)
    _printf_int_dec                          0x00004abd   Thumb Code   102  _printf_dec.o(.text)
    __printf                                 0x00004b35   Thumb Code   390  __printf_flags_ss_wp.o(.text)
    _printf_truncate_signed                  0x00004cc1   Thumb Code    18  _printf_truncate.o(.text)
    _printf_truncate_unsigned                0x00004cd3   Thumb Code    18  _printf_truncate.o(.text)
    _printf_str                              0x00004ce5   Thumb Code    82  _printf_str.o(.text)
    _printf_int_common                       0x00004d37   Thumb Code   184  _printf_intcommon.o(.text)
    _printf_charcount                        0x00004def   Thumb Code    42  _printf_charcount.o(.text)
    _printf_char_common                      0x00004e23   Thumb Code    32  _printf_char_common.o(.text)
    _sputc                                   0x00004e49   Thumb Code    10  _sputc.o(.text)
    _printf_wctomb                           0x00004e55   Thumb Code   182  _printf_wctomb.o(.text)
    _printf_longlong_dec                     0x00004f11   Thumb Code   104  _printf_longlong_dec.o(.text)
    _printf_longlong_oct                     0x00004f89   Thumb Code    76  _printf_oct_int_ll.o(.text)
    _printf_int_oct                          0x00004fd5   Thumb Code    24  _printf_oct_int_ll.o(.text)
    _printf_ll_oct                           0x00004fed   Thumb Code    12  _printf_oct_int_ll.o(.text)
    _printf_longlong_hex                     0x00005001   Thumb Code    92  _printf_hex_int_ll_ptr.o(.text)
    _printf_int_hex                          0x0000505d   Thumb Code    28  _printf_hex_int_ll_ptr.o(.text)
    _printf_ll_hex                           0x00005079   Thumb Code    12  _printf_hex_int_ll_ptr.o(.text)
    _printf_hex_ptr                          0x00005085   Thumb Code    18  _printf_hex_int_ll_ptr.o(.text)
    _ll_udiv10                               0x0000509d   Thumb Code   138  lludiv10.o(.text)
    __lib_sel_fp_printf                      0x00005127   Thumb Code     2  _printf_fp_dec.o(.text)
    _printf_fp_dec_real                      0x000052d3   Thumb Code   628  _printf_fp_dec.o(.text)
    _printf_cs_common                        0x00005547   Thumb Code    20  _printf_char.o(.text)
    _printf_char                             0x0000555b   Thumb Code    16  _printf_char.o(.text)
    _printf_string                           0x0000556b   Thumb Code     8  _printf_char.o(.text)
    _printf_lcs_common                       0x00005573   Thumb Code    20  _printf_wchar.o(.text)
    _printf_wchar                            0x00005587   Thumb Code    16  _printf_wchar.o(.text)
    _printf_wstring                          0x00005597   Thumb Code     8  _printf_wchar.o(.text)
    _wcrtomb                                 0x0000559f   Thumb Code    64  _wcrtomb.o(.text)
    __user_setup_stackheap                   0x000055df   Thumb Code    74  sys_stackheap_outer.o(.text)
    __rt_ctype_table                         0x00005629   Thumb Code    16  rt_ctype_table.o(.text)
    __rt_locale                              0x00005639   Thumb Code     8  rt_locale_intlibspace.o(.text)
    _printf_fp_infnan                        0x00005641   Thumb Code   112  _printf_fp_infnan.o(.text)
    _btod_etento                             0x000056c1   Thumb Code   222  bigflt0.o(.text)
    exit                                     0x000057a5   Thumb Code    12  exit.o(.text)
    __user_libspace                          0x000057b1   Thumb Code     8  libspace.o(.text)
    __user_perproc_libspace                  0x000057b1   Thumb Code     0  libspace.o(.text)
    __user_perthread_libspace                0x000057b1   Thumb Code     0  libspace.o(.text)
    strcmp                                   0x000057b9   Thumb Code   128  strcmpv7m.o(.text)
    _sys_exit                                0x00005839   Thumb Code     8  sys_exit.o(.text)
    __semihosting_library_function           0x00005845   Thumb Code     0  indicate_semi.o(.text)
    _btod_d2e                                0x00005845   Thumb Code    62  btod.o(CL$$btod_d2e)
    _d2e_denorm_low                          0x00005883   Thumb Code    70  btod.o(CL$$btod_d2e_denorm_low)
    _d2e_norm_op1                            0x000058c9   Thumb Code    96  btod.o(CL$$btod_d2e_norm_op1)
    __btod_div_common                        0x00005929   Thumb Code   696  btod.o(CL$$btod_div_common)
    _e2e                                     0x00005c61   Thumb Code   198  btod.o(CL$$btod_e2e)
    _btod_ediv                               0x00005d27   Thumb Code    40  btod.o(CL$$btod_ediv)
    _btod_emul                               0x00005d4f   Thumb Code    40  btod.o(CL$$btod_emul)
    __btod_mult_common                       0x00005d77   Thumb Code   580  btod.o(CL$$btod_mult_common)
    __ARM_fpclassify                         0x00005fbb   Thumb Code    40  fpclassify.o(i.__ARM_fpclassify)
    _is_digit                                0x00005fe3   Thumb Code    14  __printf_wp.o(i._is_digit)
    lcd_send                                 0x00005ff1   Thumb Code    40  ili_lcd_general.o(i.lcd_send)
    read_data                                0x0000601d   Thumb Code   114  ili_lcd_general.o(i.read_data)
    wait_delay                               0x00006099   Thumb Code    18  ili_lcd_general.o(i.wait_delay)
    write_cmd                                0x000060ad   Thumb Code    60  ili_lcd_general.o(i.write_cmd)
    write_reg                                0x000060ed   Thumb Code    20  ili_lcd_general.o(i.write_reg)
    _get_lc_numeric                          0x00006101   Thumb Code    44  lc_numeric_c.o(locale$$code)
    _get_lc_ctype                            0x0000612d   Thumb Code    44  lc_ctype_c.o(locale$$code)
    __fpl_fcmp_Inf                           0x00006159   Thumb Code    24  fcmpi.o(x$fpl$fcmpinf)
    __aeabi_f2iz                             0x00006171   Thumb Code     0  ffix.o(x$fpl$ffix)
    _ffix                                    0x00006171   Thumb Code    54  ffix.o(x$fpl$ffix)
    __aeabi_i2f                              0x000061a9   Thumb Code     0  fflt_clz.o(x$fpl$fflt)
    _fflt                                    0x000061a9   Thumb Code    48  fflt_clz.o(x$fpl$fflt)
    __aeabi_cfcmple                          0x000061d9   Thumb Code     0  fleqf.o(x$fpl$fleqf)
    _fcmple                                  0x000061d9   Thumb Code   104  fleqf.o(x$fpl$fleqf)
    __fpl_fcmple_InfNaN                      0x0000622b   Thumb Code     0  fleqf.o(x$fpl$fleqf)
    __fpl_fnaninf                            0x00006241   Thumb Code   140  fnaninf.o(x$fpl$fnaninf)
    _printf_fp_dec                           0x000062cd   Thumb Code     4  printf1.o(x$fpl$printf1)
    __I$use$fp                               0x000062d0   Number         0  usenofp.o(x$fpl$usenofp)
    english                                  0x000062d0   Data        1520  english_16x8.o(.constdata)
    Region$$Table$$Base                      0x00006998   Number         0  anon$$obj.o(Region$$Table)
    Region$$Table$$Limit                     0x000069b8   Number         0  anon$$obj.o(Region$$Table)
    __ctype                                  0x000069e1   Data           0  lc_ctype_c.o(locale$$data)
    SystemCoreClock                          0x10000000   Data           4  system_lpc17xx.o(.data)
    SysTickCnt                               0x10000004   Data           4  systen_delay.o(.data)
    lg_message                               0x10000008   Data           4  main.o(.data)
    message                                  0x1000000c   Data          12  main.o(.data)
    finMessage                               0x10000018   Data           4  main.o(.data)
    cpt_echo                                 0x1000001c   Data           4  main.o(.data)
    cpt_echo_final                           0x10000020   Data           4  main.o(.data)
    globalT                                  0x10000024   Data           4  main.o(.data)
    open                                     0x10000028   Data           4  main.o(.data)
    tsOpen                                   0x1000002c   Data           4  main.o(.data)
    dureeBipActive                           0x10000030   Data           4  main.o(.data)
    b                                        0x10000034   Data           4  main.o(.data)
    compteur_init                            0x10000038   Data           4  main.o(.data)
    echo                                     0x1000003c   Data           4  main.o(.data)
    passage                                  0x10000040   Data           4  main.o(.data)
    globalTime0                              0x10000044   Data           4  main.o(.data)
    eIRi                                     0x10000048   Data           4  main.o(.data)
    eIRj                                     0x1000004c   Data           4  main.o(.data)
    eIRt0                                    0x10000050   Data           4  main.o(.data)
    header                                   0x10000054   Data           4  main.o(.data)
    indiceMessage                            0x10000058   Data           4  main.o(.data)
    debutMessage                             0x1000005c   Data           4  main.o(.data)
    tInitial                                 0x10000060   Data           4  main.o(.data)
    n                                        0x10000064   Data           4  main.o(.data)
    i                                        0x10000068   Data           4  main.o(.data)
    numero                                   0x1000006c   Data           4  main.o(.data)
    x_position                               0x10000070   Data           2  main.o(.data)
    y_position                               0x10000072   Data           2  main.o(.data)
    bipActive                                0x10000074   Data           4  main.o(.data)
    ecran_appui                              0x10000078   Data           4  main.o(.data)
    scrutecran                               0x1000007c   Data           4  main.o(.data)
    flagPer                                  0x10000080   Data           4  main.o(.data)
    flagBip                                  0x10000084   Data           4  main.o(.data)
    validation                               0x10000088   Data           4  main.o(.data)
    dureePer                                 0x1000008c   Data           4  main.o(.data)
    dureeBip                                 0x10000090   Data           4  main.o(.data)
    bouton_appui                             0x10000094   Data           4  main.o(.data)
    flag1                                    0x10000098   Data           4  main.o(.data)
    flag2                                    0x1000009c   Data           4  main.o(.data)
    temps_ecoule                             0x100000a0   Data           4  main.o(.data)
    messageR                                 0x100000a8   Data          12  main.o(.bss)
    bufferTX                                 0x100000b4   Data          16  main.o(.bss)
    chaine                                   0x100000c4   Data          16  main.o(.bss)
    password                                 0x100000d4   Data          16  main.o(.bss)
    LCDSPI1Data                              0x100002e8   Data          24  touch_panel.o(.bss)
    __libspace_start                         0x10000300   Data          96  libspace.o(.bss)
    __temporary_stack_top$libspace           0x10000360   Data           0  libspace.o(.bss)



==============================================================================

Memory Map of the image

  Image Entry point : 0x000000cd

  Load Region LR_IROM1 (Base: 0x00000000, Size: 0x00006b8c, Max: 0x00080000, ABSOLUTE)

    Execution Region ER_IROM1 (Base: 0x00000000, Size: 0x00006ae4, Max: 0x00080000, ABSOLUTE)

    Base Addr    Size         Type   Attr      Idx    E Section Name        Object

    0x00000000   0x000000cc   Data   RO            3    RESET               startup_lpc17xx.o
    0x000000cc   0x00000008   Code   RO          709  * !!!main             c_w.l(__main.o)
    0x000000d4   0x00000034   Code   RO         1016    !!!scatter          c_w.l(__scatter.o)
    0x00000108   0x0000001a   Code   RO         1018    !!handler_copy      c_w.l(__scatter_copy.o)
    0x00000122   0x00000002   PAD
    0x00000124   0x0000001c   Code   RO         1020    !!handler_zi        c_w.l(__scatter_zi.o)
    0x00000140   0x00000000   Code   RO          706    .ARM.Collect$$_printf_percent$$00000000  c_w.l(_printf_percent.o)
    0x00000140   0x00000006   Code   RO          774    .ARM.Collect$$_printf_percent$$00000001  c_w.l(_printf_n.o)
    0x00000146   0x00000006   Code   RO          776    .ARM.Collect$$_printf_percent$$00000002  c_w.l(_printf_p.o)
    0x0000014c   0x00000006   Code   RO          780    .ARM.Collect$$_printf_percent$$00000003  c_w.l(_printf_f.o)
    0x00000152   0x00000006   Code   RO          781    .ARM.Collect$$_printf_percent$$00000004  c_w.l(_printf_e.o)
    0x00000158   0x00000006   Code   RO          782    .ARM.Collect$$_printf_percent$$00000005  c_w.l(_printf_g.o)
    0x0000015e   0x00000006   Code   RO          783    .ARM.Collect$$_printf_percent$$00000006  c_w.l(_printf_a.o)
    0x00000164   0x0000000a   Code   RO          788    .ARM.Collect$$_printf_percent$$00000007  c_w.l(_printf_ll.o)
    0x0000016e   0x00000006   Code   RO          778    .ARM.Collect$$_printf_percent$$00000008  c_w.l(_printf_i.o)
    0x00000174   0x00000006   Code   RO          705    .ARM.Collect$$_printf_percent$$00000009  c_w.l(_printf_d.o)
    0x0000017a   0x00000006   Code   RO          779    .ARM.Collect$$_printf_percent$$0000000A  c_w.l(_printf_u.o)
    0x00000180   0x00000006   Code   RO          777    .ARM.Collect$$_printf_percent$$0000000B  c_w.l(_printf_o.o)
    0x00000186   0x00000006   Code   RO          775    .ARM.Collect$$_printf_percent$$0000000C  c_w.l(_printf_x.o)
    0x0000018c   0x00000006   Code   RO          785    .ARM.Collect$$_printf_percent$$0000000D  c_w.l(_printf_lli.o)
    0x00000192   0x00000006   Code   RO          786    .ARM.Collect$$_printf_percent$$0000000E  c_w.l(_printf_lld.o)
    0x00000198   0x00000006   Code   RO          787    .ARM.Collect$$_printf_percent$$0000000F  c_w.l(_printf_llu.o)
    0x0000019e   0x00000006   Code   RO          792    .ARM.Collect$$_printf_percent$$00000010  c_w.l(_printf_llo.o)
    0x000001a4   0x00000006   Code   RO          793    .ARM.Collect$$_printf_percent$$00000011  c_w.l(_printf_llx.o)
    0x000001aa   0x0000000a   Code   RO          789    .ARM.Collect$$_printf_percent$$00000012  c_w.l(_printf_l.o)
    0x000001b4   0x00000006   Code   RO          772    .ARM.Collect$$_printf_percent$$00000013  c_w.l(_printf_c.o)
    0x000001ba   0x00000006   Code   RO          773    .ARM.Collect$$_printf_percent$$00000014  c_w.l(_printf_s.o)
    0x000001c0   0x00000006   Code   RO          790    .ARM.Collect$$_printf_percent$$00000015  c_w.l(_printf_lc.o)
    0x000001c6   0x00000006   Code   RO          791    .ARM.Collect$$_printf_percent$$00000016  c_w.l(_printf_ls.o)
    0x000001cc   0x00000004   Code   RO          784    .ARM.Collect$$_printf_percent$$00000017  c_w.l(_printf_percent_end.o)
    0x000001d0   0x00000002   Code   RO          880    .ARM.Collect$$libinit$$00000000  c_w.l(libinit.o)
    0x000001d2   0x00000000   Code   RO          902    .ARM.Collect$$libinit$$00000002  c_w.l(libinit2.o)
    0x000001d2   0x00000000   Code   RO          905    .ARM.Collect$$libinit$$00000008  c_w.l(libinit2.o)
    0x000001d2   0x00000000   Code   RO          907    .ARM.Collect$$libinit$$0000000A  c_w.l(libinit2.o)
    0x000001d2   0x00000000   Code   RO          909    .ARM.Collect$$libinit$$0000000C  c_w.l(libinit2.o)
    0x000001d2   0x00000006   Code   RO          910    .ARM.Collect$$libinit$$0000000D  c_w.l(libinit2.o)
    0x000001d8   0x00000000   Code   RO          912    .ARM.Collect$$libinit$$0000000F  c_w.l(libinit2.o)
    0x000001d8   0x0000000c   Code   RO          913    .ARM.Collect$$libinit$$00000010  c_w.l(libinit2.o)
    0x000001e4   0x00000000   Code   RO          914    .ARM.Collect$$libinit$$00000011  c_w.l(libinit2.o)
    0x000001e4   0x00000000   Code   RO          916    .ARM.Collect$$libinit$$00000013  c_w.l(libinit2.o)
    0x000001e4   0x0000000a   Code   RO          917    .ARM.Collect$$libinit$$00000014  c_w.l(libinit2.o)
    0x000001ee   0x00000000   Code   RO          918    .ARM.Collect$$libinit$$00000015  c_w.l(libinit2.o)
    0x000001ee   0x00000000   Code   RO          920    .ARM.Collect$$libinit$$00000017  c_w.l(libinit2.o)
    0x000001ee   0x00000000   Code   RO          922    .ARM.Collect$$libinit$$00000019  c_w.l(libinit2.o)
    0x000001ee   0x00000000   Code   RO          924    .ARM.Collect$$libinit$$0000001B  c_w.l(libinit2.o)
    0x000001ee   0x00000000   Code   RO          926    .ARM.Collect$$libinit$$0000001D  c_w.l(libinit2.o)
    0x000001ee   0x00000000   Code   RO          928    .ARM.Collect$$libinit$$0000001F  c_w.l(libinit2.o)
    0x000001ee   0x00000000   Code   RO          930    .ARM.Collect$$libinit$$00000021  c_w.l(libinit2.o)
    0x000001ee   0x00000000   Code   RO          932    .ARM.Collect$$libinit$$00000023  c_w.l(libinit2.o)
    0x000001ee   0x00000000   Code   RO          936    .ARM.Collect$$libinit$$0000002A  c_w.l(libinit2.o)
    0x000001ee   0x00000000   Code   RO          938    .ARM.Collect$$libinit$$0000002C  c_w.l(libinit2.o)
    0x000001ee   0x00000000   Code   RO          940    .ARM.Collect$$libinit$$0000002E  c_w.l(libinit2.o)
    0x000001ee   0x00000000   Code   RO          942    .ARM.Collect$$libinit$$00000030  c_w.l(libinit2.o)
    0x000001ee   0x00000002   Code   RO          943    .ARM.Collect$$libinit$$00000031  c_w.l(libinit2.o)
    0x000001f0   0x00000002   Code   RO          974    .ARM.Collect$$libshutdown$$00000000  c_w.l(libshutdown.o)
    0x000001f2   0x00000000   Code   RO         1001    .ARM.Collect$$libshutdown$$00000003  c_w.l(libshutdown2.o)
    0x000001f2   0x00000000   Code   RO         1004    .ARM.Collect$$libshutdown$$00000006  c_w.l(libshutdown2.o)
    0x000001f2   0x00000000   Code   RO         1007    .ARM.Collect$$libshutdown$$00000009  c_w.l(libshutdown2.o)
    0x000001f2   0x00000000   Code   RO         1009    .ARM.Collect$$libshutdown$$0000000B  c_w.l(libshutdown2.o)
    0x000001f2   0x00000000   Code   RO         1012    .ARM.Collect$$libshutdown$$0000000E  c_w.l(libshutdown2.o)
    0x000001f2   0x00000002   Code   RO         1013    .ARM.Collect$$libshutdown$$0000000F  c_w.l(libshutdown2.o)
    0x000001f4   0x00000000   Code   RO          723    .ARM.Collect$$rtentry$$00000000  c_w.l(rtentry.o)
    0x000001f4   0x00000000   Code   RO          802    .ARM.Collect$$rtentry$$00000002  c_w.l(rtentry2.o)
    0x000001f4   0x00000006   Code   RO          814    .ARM.Collect$$rtentry$$00000004  c_w.l(rtentry4.o)
    0x000001fa   0x00000000   Code   RO          804    .ARM.Collect$$rtentry$$00000009  c_w.l(rtentry2.o)
    0x000001fa   0x00000004   Code   RO          805    .ARM.Collect$$rtentry$$0000000A  c_w.l(rtentry2.o)
    0x000001fe   0x00000000   Code   RO          807    .ARM.Collect$$rtentry$$0000000C  c_w.l(rtentry2.o)
    0x000001fe   0x00000008   Code   RO          808    .ARM.Collect$$rtentry$$0000000D  c_w.l(rtentry2.o)
    0x00000206   0x00000002   Code   RO          888    .ARM.Collect$$rtexit$$00000000  c_w.l(rtexit.o)
    0x00000208   0x00000000   Code   RO          947    .ARM.Collect$$rtexit$$00000002  c_w.l(rtexit2.o)
    0x00000208   0x00000004   Code   RO          948    .ARM.Collect$$rtexit$$00000003  c_w.l(rtexit2.o)
    0x0000020c   0x00000006   Code   RO          949    .ARM.Collect$$rtexit$$00000004  c_w.l(rtexit2.o)
    0x00000212   0x00000002   PAD
    0x00000214   0x0000003c   Code   RO            5    .text               startup_lpc17xx.o
    0x00000250   0x00000080   Code   RO          311    .text               systen_delay.o
    0x000002d0   0x00000024   Code   RO          673    .text               c_w.l(c89vsprintf.o)
    0x000002f4   0x00000006   Code   RO          707    .text               c_w.l(heapauxi.o)
    0x000002fa   0x00000002   Code   RO          963    .text               c_w.l(use_no_semi.o)
    0x000002fc   0x00000004   Code   RO            4    .ARM.__at_0x02FC    startup_lpc17xx.o
    0x00000300   0x000002a4   Code   RO           14    .text               system_lpc17xx.o
    0x000005a4   0x00000150   Code   RO           59    .text               lpc17xx_clkpwr.o
    0x000006f4   0x00000424   Code   RO           92    .text               lpc17xx_gpio.o
    0x00000b18   0x00000100   Code   RO          114    .text               lpc17xx_pinsel.o
    0x00000c18   0x00000684   Code   RO          133    .text               lpc17xx_timer.o
    0x0000129c   0x00000e5c   Code   RO          152    .text               lpc17xx_uart.o
    0x000020f8   0x000006cc   Code   RO          292    .text               lpc17xx_ssp.o
    0x000027c4   0x0000015a   Code   RO          340    .text               pinconf.o
    0x0000291e   0x00000002   PAD
    0x00002920   0x0000014c   Code   RO          374    .text               timer0.o
    0x00002a6c   0x00000044   Code   RO          393    .text               bip.o
    0x00002ab0   0x00000108   Code   RO          409    .text               main.o
    0x00002bb8   0x00000048   Code   RO          430    .text               timer3.o
    0x00002c00   0x000001e8   Code   RO          446    .text               ultrason.o
    0x00002de8   0x000001b4   Code   RO          462    .text               reception.o
    0x00002f9c   0x00000054   Code   RO          478    .text               timer2.o
    0x00002ff0   0x00000178   Code   RO          494    .text               emission.o
    0x00003168   0x000004e4   Code   RO          510    .text               ecran.o
    0x0000364c   0x00000ccc   Code   RO          533    .text               ili_lcd_general.o
    0x00004318   0x000000b0   Code   RO          597    .text               lcd_api.o
    0x000043c8   0x000000e0   Code   RO          614    .text               terminal.o
    0x000044a8   0x000004a4   Code   RO          638    .text               touch_panel.o
    0x0000494c   0x000000ee   Code   RO          671    .text               c_w.l(lludivv7m.o)
    0x00004a3a   0x00000002   PAD
    0x00004a3c   0x0000002c   Code   RO          675    .text               c_w.l(__2sprintf.o)
    0x00004a68   0x00000052   Code   RO          681    .text               c_w.l(_printf_pad.o)
    0x00004aba   0x00000002   PAD
    0x00004abc   0x00000078   Code   RO          683    .text               c_w.l(_printf_dec.o)
    0x00004b34   0x0000018c   Code   RO          702    .text               c_w.l(__printf_flags_ss_wp.o)
    0x00004cc0   0x00000024   Code   RO          728    .text               c_w.l(_printf_truncate.o)
    0x00004ce4   0x00000052   Code   RO          730    .text               c_w.l(_printf_str.o)
    0x00004d36   0x000000b8   Code   RO          732    .text               c_w.l(_printf_intcommon.o)
    0x00004dee   0x0000002a   Code   RO          734    .text               c_w.l(_printf_charcount.o)
    0x00004e18   0x00000030   Code   RO          736    .text               c_w.l(_printf_char_common.o)
    0x00004e48   0x0000000a   Code   RO          738    .text               c_w.l(_sputc.o)
    0x00004e52   0x00000002   PAD
    0x00004e54   0x000000bc   Code   RO          740    .text               c_w.l(_printf_wctomb.o)
    0x00004f10   0x00000078   Code   RO          743    .text               c_w.l(_printf_longlong_dec.o)
    0x00004f88   0x00000078   Code   RO          749    .text               c_w.l(_printf_oct_int_ll.o)
    0x00005000   0x0000009c   Code   RO          769    .text               c_w.l(_printf_hex_int_ll_ptr.o)
    0x0000509c   0x0000008a   Code   RO          818    .text               c_w.l(lludiv10.o)
    0x00005126   0x00000420   Code   RO          820    .text               c_w.l(_printf_fp_dec.o)
    0x00005546   0x0000002c   Code   RO          824    .text               c_w.l(_printf_char.o)
    0x00005572   0x0000002c   Code   RO          826    .text               c_w.l(_printf_wchar.o)
    0x0000559e   0x00000040   Code   RO          828    .text               c_w.l(_wcrtomb.o)
    0x000055de   0x0000004a   Code   RO          830    .text               c_w.l(sys_stackheap_outer.o)
    0x00005628   0x00000010   Code   RO          832    .text               c_w.l(rt_ctype_table.o)
    0x00005638   0x00000008   Code   RO          837    .text               c_w.l(rt_locale_intlibspace.o)
    0x00005640   0x00000080   Code   RO          839    .text               c_w.l(_printf_fp_infnan.o)
    0x000056c0   0x000000e4   Code   RO          841    .text               c_w.l(bigflt0.o)
    0x000057a4   0x0000000c   Code   RO          869    .text               c_w.l(exit.o)
    0x000057b0   0x00000008   Code   RO          885    .text               c_w.l(libspace.o)
    0x000057b8   0x00000080   Code   RO          899    .text               c_w.l(strcmpv7m.o)
    0x00005838   0x0000000c   Code   RO          944    .text               c_w.l(sys_exit.o)
    0x00005844   0x00000000   Code   RO          965    .text               c_w.l(indicate_semi.o)
    0x00005844   0x0000003e   Code   RO          844    CL$$btod_d2e        c_w.l(btod.o)
    0x00005882   0x00000046   Code   RO          846    CL$$btod_d2e_denorm_low  c_w.l(btod.o)
    0x000058c8   0x00000060   Code   RO          845    CL$$btod_d2e_norm_op1  c_w.l(btod.o)
    0x00005928   0x00000338   Code   RO          854    CL$$btod_div_common  c_w.l(btod.o)
    0x00005c60   0x000000c6   Code   RO          851    CL$$btod_e2e        c_w.l(btod.o)
    0x00005d26   0x00000028   Code   RO          848    CL$$btod_ediv       c_w.l(btod.o)
    0x00005d4e   0x00000028   Code   RO          847    CL$$btod_emul       c_w.l(btod.o)
    0x00005d76   0x00000244   Code   RO          853    CL$$btod_mult_common  c_w.l(btod.o)
    0x00005fba   0x00000028   Code   RO          883    i.__ARM_fpclassify  m_ws.l(fpclassify.o)
    0x00005fe2   0x0000000e   Code   RO          695    i._is_digit         c_w.l(__printf_wp.o)
    0x00005ff0   0x0000002c   Code   RO          547    i.lcd_send          ili_lcd_general.o
    0x0000601c   0x0000007c   Code   RO          559    i.read_data         ili_lcd_general.o
    0x00006098   0x00000012   Code   RO          565    i.wait_delay        ili_lcd_general.o
    0x000060aa   0x00000002   PAD
    0x000060ac   0x00000040   Code   RO          553    i.write_cmd         ili_lcd_general.o
    0x000060ec   0x00000014   Code   RO          570    i.write_reg         ili_lcd_general.o
    0x00006100   0x0000002c   Code   RO          867    locale$$code        c_w.l(lc_numeric_c.o)
    0x0000612c   0x0000002c   Code   RO          893    locale$$code        c_w.l(lc_ctype_c.o)
    0x00006158   0x00000018   Code   RO          794    x$fpl$fcmpinf       fz_ws.l(fcmpi.o)
    0x00006170   0x00000036   Code   RO          711    x$fpl$ffix          fz_ws.l(ffix.o)
    0x000061a6   0x00000002   PAD
    0x000061a8   0x00000030   Code   RO          716    x$fpl$fflt          fz_ws.l(fflt_clz.o)
    0x000061d8   0x00000068   Code   RO          721    x$fpl$fleqf         fz_ws.l(fleqf.o)
    0x00006240   0x0000008c   Code   RO          796    x$fpl$fnaninf       fz_ws.l(fnaninf.o)
    0x000062cc   0x00000004   Code   RO          798    x$fpl$printf1       fz_ws.l(printf1.o)
    0x000062d0   0x00000000   Code   RO          800    x$fpl$usenofp       fz_ws.l(usenofp.o)
    0x000062d0   0x000005f0   Data   RO          525    .constdata          english_16x8.o
    0x000068c0   0x00000011   Data   RO          703    .constdata          c_w.l(__printf_flags_ss_wp.o)
    0x000068d1   0x00000003   PAD
    0x000068d4   0x00000008   Data   RO          741    .constdata          c_w.l(_printf_wctomb.o)
    0x000068dc   0x00000028   Data   RO          770    .constdata          c_w.l(_printf_hex_int_ll_ptr.o)
    0x00006904   0x00000094   Data   RO          842    .constdata          c_w.l(bigflt0.o)
    0x00006998   0x00000020   Data   RO         1014    Region$$Table       anon$$obj.o
    0x000069b8   0x0000001c   Data   RO          866    locale$$data        c_w.l(lc_numeric_c.o)
    0x000069d4   0x00000110   Data   RO          892    locale$$data        c_w.l(lc_ctype_c.o)


    Execution Region RW_IRAM1 (Base: 0x10000000, Size: 0x00000560, Max: 0x00008000, ABSOLUTE)

    Base Addr    Size         Type   Attr      Idx    E Section Name        Object

    0x10000000   0x00000004   Data   RW           15    .data               system_lpc17xx.o
    0x10000004   0x00000004   Data   RW          312    .data               systen_delay.o
    0x10000008   0x0000009c   Data   RW          411    .data               main.o
    0x100000a4   0x00000002   Data   RW          534    .data               ili_lcd_general.o
    0x100000a6   0x00000002   PAD
    0x100000a8   0x0000003c   Zero   RW          410    .bss                main.o
    0x100000e4   0x00000201   Zero   RW          615    .bss                terminal.o
    0x100002e5   0x00000003   PAD
    0x100002e8   0x00000018   Zero   RW          639    .bss                touch_panel.o
    0x10000300   0x00000060   Zero   RW          886    .bss                c_w.l(libspace.o)
    0x10000360   0x00000000   Zero   RW            2    HEAP                startup_lpc17xx.o
    0x10000360   0x00000200   Zero   RW            1    STACK               startup_lpc17xx.o


==============================================================================

Image component sizes


      Code (inc. data)   RO Data    RW Data    ZI Data      Debug   Object Name

        68         10          0          0          0        502   bip.o
      1252         96          0          0          0       1496   ecran.o
       376         28          0          0          0        567   emission.o
         0          0       1520          0          0        366   english_16x8.o
      3546        264          0          2          0       7875   ili_lcd_general.o
       176          6          0          0          0       1121   lcd_api.o
       336         32          0          0          0      20251   lpc17xx_clkpwr.o
      1060         62          0          0          0       9727   lpc17xx_gpio.o
       256          4          0          0          0       4045   lpc17xx_pinsel.o
      1740         80          0          0          0      11256   lpc17xx_ssp.o
      1668         94          0          0          0       8939   lpc17xx_timer.o
      3676        128          0          0          0      19373   lpc17xx_uart.o
       264         40          0        156         60       2930   main.o
       346          0          0          0          0      16135   pinconf.o
       436         24          0          0          0        648   reception.o
        64         26        204          0        512       1096   startup_lpc17xx.o
       676         82          0          4          0      22417   system_lpc17xx.o
       128         16          0          4          0      16602   systen_delay.o
       224         12          0          0        513       2226   terminal.o
       332         42          0          0          0        848   timer0.o
        84          6          0          0          0        602   timer2.o
        72          6          0          0          0        522   timer3.o
      1188        104          0          0         24       3442   touch_panel.o
       488         56          0          0          0       1473   ultrason.o

    ----------------------------------------------------------------------
     18460       1218       1756        168       1112     154459   Object Totals
         0          0         32          0          0          0   (incl. Generated)
         4          0          0          2          3          0   (incl. Padding)

    ----------------------------------------------------------------------

      Code (inc. data)   RO Data    RW Data    ZI Data      Debug   Library Member Name

        44          6          0          0          0         84   __2sprintf.o
         8          0          0          0          0         68   __main.o
       396          6         17          0          0         92   __printf_flags_ss_wp.o
        14          0          0          0          0         68   __printf_wp.o
        52          8          0          0          0          0   __scatter.o
        26          0          0          0          0          0   __scatter_copy.o
        28          0          0          0          0          0   __scatter_zi.o
         6          0          0          0          0          0   _printf_a.o
         6          0          0          0          0          0   _printf_c.o
        44          0          0          0          0        108   _printf_char.o
        48          6          0          0          0         96   _printf_char_common.o
        42          0          0          0          0         68   _printf_charcount.o
         6          0          0          0          0          0   _printf_d.o
       120         18          0          0          0         92   _printf_dec.o
         6          0          0          0          0          0   _printf_e.o
         6          0          0          0          0          0   _printf_f.o
      1056          0          0          0          0        212   _printf_fp_dec.o
       128         16          0          0          0         84   _printf_fp_infnan.o
         6          0          0          0          0          0   _printf_g.o
       156          6         40          0          0        160   _printf_hex_int_ll_ptr.o
         6          0          0          0          0          0   _printf_i.o
       184          0          0          0          0         88   _printf_intcommon.o
        10          0          0          0          0          0   _printf_l.o
         6          0          0          0          0          0   _printf_lc.o
        10          0          0          0          0          0   _printf_ll.o
         6          0          0          0          0          0   _printf_lld.o
         6          0          0          0          0          0   _printf_lli.o
         6          0          0          0          0          0   _printf_llo.o
         6          0          0          0          0          0   _printf_llu.o
         6          0          0          0          0          0   _printf_llx.o
       120         16          0          0          0         92   _printf_longlong_dec.o
         6          0          0          0          0          0   _printf_ls.o
         6          0          0          0          0          0   _printf_n.o
         6          0          0          0          0          0   _printf_o.o
       120          8          0          0          0        124   _printf_oct_int_ll.o
         6          0          0          0          0          0   _printf_p.o
        82          0          0          0          0        108   _printf_pad.o
         0          0          0          0          0          0   _printf_percent.o
         4          0          0          0          0          0   _printf_percent_end.o
         6          0          0          0          0          0   _printf_s.o
        82          0          0          0          0         80   _printf_str.o
        36          0          0          0          0         84   _printf_truncate.o
         6          0          0          0          0          0   _printf_u.o
        44          0          0          0          0        108   _printf_wchar.o
       188          6          8          0          0         92   _printf_wctomb.o
         6          0          0          0          0          0   _printf_x.o
        10          0          0          0          0         68   _sputc.o
        64          0          0          0          0         92   _wcrtomb.o
       228          6        148          0          0         96   bigflt0.o
      1910        128          0          0          0        672   btod.o
        36          4          0          0          0         76   c89vsprintf.o
        12          0          0          0          0         72   exit.o
         6          0          0          0          0        152   heapauxi.o
         0          0          0          0          0          0   indicate_semi.o
        44         10        272          0          0         76   lc_ctype_c.o
        44         10         28          0          0         76   lc_numeric_c.o
         2          0          0          0          0          0   libinit.o
        30          0          0          0          0          0   libinit2.o
         2          0          0          0          0          0   libshutdown.o
         2          0          0          0          0          0   libshutdown2.o
         8          4          0          0         96         68   libspace.o
       138          0          0          0          0         80   lludiv10.o
       238          0          0          0          0        100   lludivv7m.o
        16          4          0          0          0         76   rt_ctype_table.o
         8          4          0          0          0         68   rt_locale_intlibspace.o
         0          0          0          0          0          0   rtentry.o
        12          0          0          0          0          0   rtentry2.o
         6          0          0          0          0          0   rtentry4.o
         2          0          0          0          0          0   rtexit.o
        10          0          0          0          0          0   rtexit2.o
       128          0          0          0          0         68   strcmpv7m.o
        12          4          0          0          0         68   sys_exit.o
        74          0          0          0          0         80   sys_stackheap_outer.o
         2          0          0          0          0         68   use_no_semi.o
        24          0          0          0          0         68   fcmpi.o
        54          4          0          0          0         84   ffix.o
        48          0          0          0          0         68   fflt_clz.o
       104          4          0          0          0         84   fleqf.o
       140          4          0          0          0         84   fnaninf.o
         4          0          0          0          0         68   printf1.o
         0          0          0          0          0          0   usenofp.o
        40          0          0          0          0         68   fpclassify.o

    ----------------------------------------------------------------------
      6632        282        516          0         96       4488   Library Totals
        12          0          3          0          0          0   (incl. Padding)

    ----------------------------------------------------------------------

      Code (inc. data)   RO Data    RW Data    ZI Data      Debug   Library Name

      6206        270        513          0         96       3964   c_w.l
       374         12          0          0          0        456   fz_ws.l
        40          0          0          0          0         68   m_ws.l

    ----------------------------------------------------------------------
      6632        282        516          0         96       4488   Library Totals

    ----------------------------------------------------------------------

==============================================================================


      Code (inc. data)   RO Data    RW Data    ZI Data      Debug   

     25092       1500       2272        168       1208     154371   Grand Totals
     25092       1500       2272        168       1208     154371   ELF Image Totals
     25092       1500       2272        168          0          0   ROM Totals

==============================================================================

    Total RO  Size (Code + RO Data)                27364 (  26.72kB)
    Total RW  Size (RW Data + ZI Data)              1376 (   1.34kB)
    Total ROM Size (Code + RO Data + RW Data)      27532 (  26.89kB)

==============================================================================

